---
source: tests/infrastructure.rs
expression: values
---
[]
